// Jest Snapshot v1, https://goo.gl/fbAQLP

exports[`<BookModal /> matches snapshot 1`] = `null`;
