// Jest Snapshot v1, https://goo.gl/fbAQLP

exports[`<ReturnModal /> matches snapshot 1`] = `null`;
