// Jest Snapshot v1, https://goo.gl/fbAQLP

exports[`<Header /> matches snapshot 1`] = `
<div
  className="ant-page-header header ant-page-header-ghost"
/>
`;
