// Jest Snapshot v1, https://goo.gl/fbAQLP

exports[`matches snapshot 1`] = `
<div
  className="button undefined"
  data-testid="button"
  onClick={[Function]}
>
  <span>
    Book
  </span>
</div>
`;
